// Jest Snapshot v1, https://goo.gl/fbAQLP

exports[`<PostCard /> should match spanshot 1`] = `
<div
  class="post"
  id="1"
>
  <img
    alt="title-test"
    src="img/img.png"
  />
  <div
    class="post-content"
  >
    <h2>
       
      title-test
       
      1
       
    </h2>
    <p>
       
      body-test
       
    </p>
  </div>
</div>
`;
